<html>
<body>
<pre>
<h1>µVision Build Log</h1>
<h2>Tool Versions:</h2>
IDE-Version: ¦ÌVision V5.23.0.0
Copyright (C) 2017 ARM Ltd and ARM Germany GmbH. All rights reserved.
License Information: Bean X, 123, LIC=D0D7S-LV1TL-Y8KFK-ZLX10-47UG2-XHRLA
 
Tool Versions:
Toolchain:       MDK-ARM Plus  Version: 5.23
Toolchain Path:  D:\software\kile5\ARM\ARMCC\Bin
C Compiler:      Armcc.exe V5.06 update 4 (build 422)
Assembler:       Armasm.exe V5.06 update 4 (build 422)
Linker/Locator:  ArmLink.exe V5.06 update 4 (build 422)
Library Manager: ArmAr.exe V5.06 update 4 (build 422)
Hex Converter:   FromElf.exe V5.06 update 4 (build 422)
CPU DLL:         SARMCM3.DLL V5.23
Dialog DLL:      DCM.DLL V1.15.0.0
Target DLL:      STLink\ST-LINKIII-KEIL_SWO.dll V2.0.18.0
Dialog DLL:      TCM.DLL V1.27.0.0
 
<h2>Project:</h2>
H:\project\NBmap\danpiaji\¿ª·¢°å²âÊÔ\ttl´®¿Ú\USER\Template.uvprojx
Project File Date:  05/15/2021

<h2>Output:</h2>
*** Using Compiler 'V5.06 update 4 (build 422)', folder: 'D:\software\kile5\ARM\ARMCC\Bin'
Build target 'Template'
compiling main.c...
main.c(94): warning:  #177-D: variable "key"  was declared but never referenced
  	 u8 key=0XFF;
main.c(95): warning:  #177-D: variable "upload"  was declared but never referenced
  	u8 upload=0;	
main.c(96): warning:  #550-D: variable "rxlen"  was set but never used
  	 u16 rxlen;
main.c: 3 warnings, 0 errors
linking...
Program Size: Code=13306 RO-data=874 RW-data=72 ZI-data=4992  
FromELF: creating hex file...
"..\OBJ\Template.axf" - 0 Error(s), 3 Warning(s).

<h2>Collection of Component include folders:</h2>
  .\RTE\_Template
  D:\software\kile5\ARM\PACK\Keil\STM32F1xx_DFP\2.2.0\Device\Include

<h2>Collection of Component Files used:</h2>
Build Time Elapsed:  00:00:01
</pre>
</body>
</html>
